HI-TECH Software C Compiler 

Linker command line:

--edf=C:\Program Files\HI-TECH Software\PICC\9.82\dat\en_msgs.txt -cs \
  -h+Tut18D_iCP21_LCDdemo_690.sym -z -Q16F690 -ol.obj \
  -MTut18D_iCP21_LCDdemo_690.map -E1 -ACONST=00h-0FFhx16 -ACODE=00h-07FFhx2 \
  -ASTRCODE=00h-0FFFh -AENTRY=00h-0FFhx16 -ASTRING=00h-0FFhx16 \
  -ABANK0=020h-06Fh -ABANK1=0A0h-0EFh -ABANK2=0120h-016Fh \
  -ARAM=020h-06Fh,0A0h-0EFh,0120h-016Fh \
  -AABS1=020h-07Fh,0A0h-0EFh,0120h-016Fh -ACOMMON=070h-07Fh -ASFR0=00h-01Fh \
  -ASFR1=080h-09Fh -ASFR2=0100h-011Fh -ASFR3=0180h-01EFh \
  -preset_vec=00h,intentry,init,end_init -ppowerup=CODE -pfunctab=CODE \
  -ACONFIG=02007h-02007h -pconfig=CONFIG -DCONFIG=2 -AIDLOC=02000h-02003h \
  -pidloc=IDLOC -DIDLOC=2 -AEEDATA=00h-0FFh/02100h -peeprom_data=EEDATA \
  -DEEDATA=2 -DCODE=2 -DSTRCODE=2 -DSTRING=2 -DCONST=2 -DENTRY=2 -k \
  startup.obj Tut18D_iCP21_LCDdemo_690.obj 

Object code version is 3.10

Machine type is 16F690



                Name                               Link     Load   Length Selector   Space Scale
startup.obj     end_init                              0        0        2        0       0
Tut18D_iCP21_LCDdemo_690.obj
                config                             2007     2007        1     400E       0
                text132                             681      681       21      D02       0
                text131                             6F4      6F4       4E      DE8       0
                text130                             657      657        F      CAE       0
                text129                             742      742       52      E84       0
                text128                             6A2      6A2       25      D44       0
                text127                             666      666       1B      CCC       0
                text126                             794      794       6C      F28       0
                maintext                            6C7      6C7       2D      D8E       0
                cstackCOMMON                         70       70        E       70       1
                cinit                               654      654        3      CA8       0
                strings                               2        2       20        4       0

TOTAL           Name                               Link     Load   Length     Space
        CLASS   CONST          

        CLASS   CODE           
                end_init                              0        0        2         0
                text132                             681      681       21         0
                text131                             6F4      6F4       4E         0
                text130                             657      657        F         0
                text129                             742      742       52         0
                text128                             6A2      6A2       25         0
                text127                             666      666       1B         0
                text126                             794      794       6C         0
                maintext                            6C7      6C7       2D         0
                cinit                               654      654        3         0

        CLASS   STRCODE        

        CLASS   ENTRY          

        CLASS   STRING         
                strings                               2        2       20         0

        CLASS   BANK0          

        CLASS   BANK1          

        CLASS   BANK2          

        CLASS   RAM            

        CLASS   ABS1           
                abs_s1                               7E       7E        2         1

        CLASS   COMMON         
                cstackCOMMON                         70       70        E         1

        CLASS   SFR0           

        CLASS   SFR1           

        CLASS   SFR2           

        CLASS   SFR3           

        CLASS   CONFIG         
                config                             2007     2007        1         0

        CLASS   IDLOC          

        CLASS   EEDATA         

        CLASS   BANK3          



SEGMENTS        Name                           Load    Length   Top    Selector   Space  Class     Delta

                reset_vec                      000000  000002  000002         0       0  CODE        2
                strings                        000002  000020  000022         4       0  STRING      2
                cstackCOMMON                   000070  00000E  00007E        70       1  COMMON      1
                cinit                          000654  000003  000657       CA8       0  CODE        2
                text130                        000657  00000F  000666       CAE       0  CODE        2
                text127                        000666  00001B  000681       CCC       0  CODE        2
                text132                        000681  000021  0006A2       D02       0  CODE        2
                text128                        0006A2  000025  0006C7       D44       0  CODE        2
                maintext                       0006C7  00002D  0006F4       D8E       0  CODE        2
                text131                        0006F4  00004E  000742       DE8       0  CODE        2
                text129                        000742  000052  000794       E84       0  CODE        2
                text126                        000794  00006C  000800       F28       0  CODE        2
                config                         002007  000001  002008      400E       0  CONFIG      2


UNUSED ADDRESS RANGES

        Name                Unused          Largest block    Delta
        BANK0            0020-006F             50           1
        BANK1            00A0-00EF             50           1
        BANK2            0120-016F             50           1
        CODE             0022-0653            632           2
                         0800-0FFF            800
        CONST            0022-0653            100           2
                         0800-0FFF            100
        EEDATA           2100-21FF            100           2
        ENTRY            0022-0653            100           2
                         0800-0FFF            100
        IDLOC            2000-2003              4           2
        RAM              0020-006F             50           1
                         00A0-00EF             50
                         0120-016F             50
        SFR0             0000-001F             20           1
        SFR1             0080-009F             20           1
        SFR2             0100-011F             20           1
        SFR3             0180-01EF             70           1
        STRCODE          0022-0653            632           2
                         0800-0FFF            800
        STRING           0022-0653            100           2
                         0800-0FFF            100

                                  Symbol Table

??_DelayMs            cstackCOMMON 0072
??_System_init        cstackCOMMON 0074
??_lcd_clear          cstackCOMMON 0078
??_lcd_goto           cstackCOMMON 0079
??_lcd_init           cstackCOMMON 0078
??_lcd_puts           cstackCOMMON 0078
??_lcd_write          cstackCOMMON 0071
??_main               cstackCOMMON 007D
?_DelayMs             cstackCOMMON 0070
?_System_init         cstackCOMMON 0070
?_lcd_clear           cstackCOMMON 0070
?_lcd_goto            cstackCOMMON 0078
?_lcd_init            cstackCOMMON 0070
?_lcd_puts            cstackCOMMON 0070
?_lcd_write           cstackCOMMON 0070
?_main                cstackCOMMON 0070
DelayMs@_dcnt         cstackCOMMON 0072
DelayMs@cnt           cstackCOMMON 0070
_ANSEL                (abs)        011E
_ANSELH               (abs)        011F
_CARRY                (abs)        0018
_DelayMs              text132      0681
_EEADR                (abs)        010D
_EECON1               (abs)        018C
_EECON2               (abs)        018D
_EEDATA               (abs)        010C
_GIE                  (abs)        005F
_IRCF0                (abs)        047C
_IRCF1                (abs)        047D
_IRCF2                (abs)        047E
_PORTC                (abs)        0007
_RA2                  (abs)        002A
_RC0                  (abs)        0038
_RC1                  (abs)        0039
_RC2                  (abs)        003A
_RC3                  (abs)        003B
_RD                   (abs)        0C60
_System_init          text127      0666
_TRISA                (abs)        0085
_TRISC                (abs)        0087
_WPUA2                (abs)        04AA
_WR                   (abs)        0C61
_WREN                 (abs)        0C62
__Habs1               abs1         0000
__Hbank0              bank0        0000
__Hbank1              bank1        0000
__Hbank2              bank2        0000
__Hbank3              bank3        0000
__Hcinit              cinit        0000
__Hclrtext            clrtext      0000
__Hcode               code         0000
__Hcommon             common       0000
__Hconfig             config       2008
__HcstackCOMMON       cstackCOMMON 0000
__Heeprom_data        eeprom_data  0000
__Hend_init           end_init     0002
__Hfunctab            functab      0000
__Hidloc              idloc        0000
__Hinit               init         0000
__Hintentry           intentry     0000
__Hmaintext           maintext     0000
__Hpowerup            powerup      0000
__Hram                ram          0000
__Hreset_vec          reset_vec    0000
__Hsfr0               sfr0         0000
__Hsfr1               sfr1         0000
__Hsfr2               sfr2         0000
__Hsfr3               sfr3         0000
__Hstrings            strings      0000
__Htext               text         0000
__Labs1               abs1         0000
__Lbank0              bank0        0000
__Lbank1              bank1        0000
__Lbank2              bank2        0000
__Lbank3              bank3        0000
__Lcinit              cinit        0000
__Lclrtext            clrtext      0000
__Lcode               code         0000
__Lcommon             common       0000
__Lconfig             config       2007
__LcstackCOMMON       cstackCOMMON 0000
__Leeprom_data        eeprom_data  0000
__Lend_init           end_init     0000
__Lfunctab            functab      0000
__Lidloc              idloc        0000
__Linit               init         0000
__Lintentry           intentry     0000
__Lmaintext           maintext     0000
__Lpowerup            powerup      0000
__Lram                ram          0000
__Lreset_vec          reset_vec    0000
__Lsfr0               sfr0         0000
__Lsfr1               sfr1         0000
__Lsfr2               sfr2         0000
__Lsfr3               sfr3         0000
__Lstrings            strings      0000
__Ltext               text         0000
__S0                  (abs)        2008
__S1                  (abs)        007E
__S2                  (abs)        0000
__end_of_DelayMs      text132      06A2
__end_of_System_init  text127      0681
__end_of_lcd_clear    text130      0666
__end_of_lcd_goto     text128      06C7
__end_of_lcd_init     text126      0800
__end_of_lcd_puts     text129      0794
__end_of_lcd_write    text131      0742
__end_of_main         maintext     06F4
__pcstackCOMMON       cstackCOMMON 0070
__pmaintext           maintext     06C7
__pstrings            strings      0002
__ptext125            text125      0000
__ptext126            text126      0794
__ptext127            text127      0666
__ptext128            text128      06A2
__ptext129            text129      0742
__ptext130            text130      0657
__ptext131            text131      06F4
__ptext132            text132      0681
__ptext133            text133      0000
__size_of_DelayMs     (abs)        0000
__size_of_System_init (abs)        0000
__size_of_lcd_clear   (abs)        0000
__size_of_lcd_goto    (abs)        0000
__size_of_lcd_init    (abs)        0000
__size_of_lcd_puts    (abs)        0000
__size_of_lcd_write   (abs)        0000
__size_of_main        (abs)        0000
_exit                 init         0000
_lcd_clear            text130      0657
_lcd_goto             text128      06A2
_lcd_init             text126      0794
_lcd_puts             text129      0742
_lcd_write            text131      06F4
_main                 maintext     06C7
_nRABPU               (abs)        040F
btemp                 (abs)        007E
end_of_initialization cinit        0654
intlevel0             functab      0000
intlevel1             functab      0000
intlevel2             functab      0000
intlevel3             functab      0000
intlevel4             functab      0000
intlevel5             functab      0000
lcd_goto@pos_x        cstackCOMMON 007A
lcd_goto@pos_y        cstackCOMMON 0078
lcd_init@_dcnt        cstackCOMMON 0079
lcd_init@_dcnt_1585   cstackCOMMON 007B
lcd_puts@s            cstackCOMMON 0079
lcd_write@_dcnt       cstackCOMMON 0073
lcd_write@_dcnt_1574  cstackCOMMON 0075
lcd_write@c           cstackCOMMON 0070
lcd_write@rs_bit      cstackCOMMON 0077
reset_vec             reset_vec    0000
start                 init         0000
start_initialization  cinit        0654
wtemp0                (abs)        007E
